<?xml version="1.0" encoding="UTF-8"?>
<testsuites name="jest tests" tests="1" failures="0" errors="0" time="9.134">
  <testsuite name="undefined" errors="0" failures="0" skipped="0" timestamp="2021-01-09T03:47:12" time="7.234" tests="1">
    <testcase classname=" renders learn react link" name=" renders learn react link" time="0.075">
    </testcase>
  </testsuite>
</testsuites>